get_team_record: FAILURE
update_match: FAILURE
get_jockey_record: FAILURE
unite_by_record: INVALID_INPUT
merge_teams: FAILURE
merge_teams: FAILURE
add_jockey: INVALID_INPUT
Invalid input format
