get_team_record: FAILURE
add_jockey: INVALID_INPUT
Invalid input format
