merge_teams: FAILURE
unite_by_record: FAILURE
merge_teams: FAILURE
add_jockey: INVALID_INPUT
Invalid input format
