get_team_record: FAILURE
get_team_record: FAILURE
get_jockey_record: FAILURE
merge_teams: FAILURE
add_team: SUCCESS
update_match: FAILURE
update_match: FAILURE
merge_teams: FAILURE
add_jockey: INVALID_INPUT
Invalid input format
