get_team_record: FAILURE
merge_teams: FAILURE
get_jockey_record: FAILURE
update_match: FAILURE
update_match: FAILURE
unite_by_record: FAILURE
merge_teams: FAILURE
add_jockey: INVALID_INPUT
Invalid input format
