update_match: FAILURE
get_team_record: FAILURE
update_match: FAILURE
unite_by_record: INVALID_INPUT
update_match: FAILURE
update_match: FAILURE
add_jockey: INVALID_INPUT
Invalid input format
