unite_by_record: INVALID_INPUT
add_jockey: INVALID_INPUT
Invalid input format
