add_team: SUCCESS
add_jockey: INVALID_INPUT
Invalid input format
