merge_teams: FAILURE
get_team_record: FAILURE
add_team: SUCCESS
update_match: FAILURE
add_jockey: INVALID_INPUT
Invalid input format
