add_team: SUCCESS
get_jockey_record: FAILURE
add_jockey: INVALID_INPUT
Invalid input format
