unite_by_record: FAILURE
unite_by_record: FAILURE
add_jockey: INVALID_INPUT
Invalid input format
