get_jockey_record: FAILURE
merge_teams: FAILURE
add_jockey: INVALID_INPUT
Invalid input format
