update_match: FAILURE
update_match: FAILURE
add_jockey: INVALID_INPUT
Invalid input format
