add_team: SUCCESS
update_match: FAILURE
add_team: SUCCESS
get_jockey_record: FAILURE
merge_teams: FAILURE
merge_teams: FAILURE
get_jockey_record: FAILURE
update_match: FAILURE
merge_teams: FAILURE
update_match: FAILURE
get_jockey_record: FAILURE
unite_by_record: FAILURE
update_match: FAILURE
get_jockey_record: FAILURE
get_team_record: FAILURE
merge_teams: FAILURE
get_jockey_record: FAILURE
unite_by_record: INVALID_INPUT
merge_teams: FAILURE
merge_teams: FAILURE
get_jockey_record: FAILURE
get_jockey_record: FAILURE
unite_by_record: INVALID_INPUT
get_jockey_record: FAILURE
add_team: SUCCESS
add_team: SUCCESS
unite_by_record: FAILURE
merge_teams: FAILURE
get_jockey_record: FAILURE
get_team_record: SUCCESS, 0
get_team_record: FAILURE
add_jockey: INVALID_INPUT
Invalid input format
