get_team_record: FAILURE
add_team: SUCCESS
add_jockey: INVALID_INPUT
Invalid input format
