merge_teams: FAILURE
get_jockey_record: FAILURE
get_team_record: FAILURE
update_match: FAILURE
add_jockey: INVALID_INPUT
Invalid input format
