update_match: FAILURE
get_team_record: FAILURE
add_team: SUCCESS
unite_by_record: INVALID_INPUT
get_jockey_record: FAILURE
unite_by_record: INVALID_INPUT
get_jockey_record: FAILURE
add_jockey: INVALID_INPUT
Invalid input format
