add_team: SUCCESS
unite_by_record: INVALID_INPUT
add_team: SUCCESS
get_jockey_record: FAILURE
add_team: SUCCESS
update_match: FAILURE
add_team: SUCCESS
update_match: FAILURE
unite_by_record: INVALID_INPUT
update_match: FAILURE
get_team_record: FAILURE
merge_teams: FAILURE
merge_teams: FAILURE
get_jockey_record: FAILURE
update_match: FAILURE
merge_teams: FAILURE
get_jockey_record: FAILURE
get_team_record: FAILURE
merge_teams: FAILURE
add_team: SUCCESS
add_jockey: INVALID_INPUT
Invalid input format
