update_match: FAILURE
get_jockey_record: FAILURE
unite_by_record: INVALID_INPUT
get_jockey_record: FAILURE
unite_by_record: FAILURE
add_team: SUCCESS
unite_by_record: FAILURE
add_team: SUCCESS
add_team: SUCCESS
unite_by_record: INVALID_INPUT
merge_teams: FAILURE
add_jockey: INVALID_INPUT
Invalid input format
