get_team_record: FAILURE
update_match: FAILURE
get_team_record: FAILURE
add_jockey: INVALID_INPUT
Invalid input format
