get_team_record: FAILURE
update_match: FAILURE
unite_by_record: INVALID_INPUT
unite_by_record: FAILURE
get_team_record: FAILURE
add_jockey: INVALID_INPUT
Invalid input format
