merge_teams: FAILURE
get_jockey_record: FAILURE
merge_teams: FAILURE
add_team: SUCCESS
add_jockey: INVALID_INPUT
Invalid input format
